================================================================================
WedOps Backend E2E Smoke Test
================================================================================
Base URL: https://wedops-demo.preview.emergentagent.com
Test email: wedops-backend-test@example.com
Test password: TestPassword123!
================================================================================

[TEST 1] GET /api/setup - Check schema deployment status
Status: 200
Response: {
  "schemaDeployed": true,
  "partial": false,
  "error": null,
  "sql": "-- ============================================================\n-- WedOps Schema \u2014 prompt 1 of 2 (Indian wedding-planning SaaS)\n-- Multi-tenant, RLS-enforced, all money in paise (bigint)\n-- Idempotent: safe to re-run.\n-- ============================================================\n\ncreate extension if not exists pgcrypto;\n\n-- ================= ENUMS =================\ndo $$ begin create type org_type as enum ('couple','planner_solo','planner_agency'); exception when duplicate_object then null; end $$;\ndo $$ begin create type org_plan as enum ('starter','professional','enterprise'); exception when duplicate_object then null; end $$;\ndo $$ begin create type membership_role as enum ('Family Member','Bride','Groom','Parents','Wedding Planner','Photographer','Videographer','Decorator','Caterer','Makeup Artist','DJ','Volunteer','Admin'); exception when duplicate_object then null; end $$;\ndo $$ begin create type category_kind as enum ('task','shopping','expense','booking','all'); exception when duplicate_object then null; end $$;\ndo $$ begin create type task_priority as enum ('Critical','High','Medium','Low'); exception when duplicate_object then null; end $$;\ndo $$ begin create type task_status as enum ('Not Started','In Progress','Waiting','Blocked','Completed','Cancelled'); exception when duplicate_object then null; end $$;\ndo $$ begin create type vendor_status as enum ('pending','confirmed','overdue'); exception when duplicate_object then null; end $$;\ndo $$ begin create type booking_status as enum ('confirmed','pending','overdue'); exception when duplicate_object then null; end $$;\ndo $$ begin create type guest_group as enum ('Family','Friends','VIP','Other'); exception when duplicate_object then null; end $$;\ndo $$ begin create type guest_side as enum ('Both','Groom','Bride'); exception when duplicate_object then null; end $$;\ndo $$ begin create type guest_rsvp as enum ('Coming','Pending','Maybe','Not coming'); exception when duplicate_object then null; end $$;\ndo $$ begin create type expense_type as enum ('advance','purchase','vendor_payment','expense'); exception when duplicate_object then null; end $$;\ndo $$ begin create type notification_category as enum ('assignment','deadline','booking','budget'); exception when duplicate_object then null; end $$;\n\n-- ================= TABLES =================\ncreate table if not exists public.organizations (\n  id uuid primary key default gen_random_uuid(),\n  name text not null,\n  type org_type not null default 'couple',\n  branding_logo_url text,\n  branding_color text default '#0F4C3A',\n  custom_domain text,\n  plan org_plan not null default 'starter',\n  created_at timestamptz not null default now(),\n  updated_at timestamptz not null default now()\n);\n\ncreate table if not exists public.profiles (\n  id uuid primary key references auth.users(id) on delete cascade,\n  org_id uuid references public.organizations(id) on delete set null,\n  name text,\n  phone text,\n  avatar_initials text,\n  created_at timestamptz not null default now(),\n  updated_at timestamptz not null default now()\n);\n\ncreate table if not exists public.org_members (\n  org_id uuid not null references public.organizations(id) on delete cascade,\n  user_id uuid not null references auth.users(id) on delete cascade,\n  role text not null default 'owner',\n  created_at timestamptz not null default now(),\n  primary key (org_id, user_id)\n);\n\ncreate table if not exists public.projects (\n  id uuid primary key default gen_random_uuid(),\n  org_id uuid not null references public.organizations(id) on delete cascade,\n  name text not null,\n  wedding_date date not null,\n  project_code text unique not null,\n  currency text not null default 'INR',\n  timezone text not null default 'Asia/Kolkata',\n  created_by uuid references auth.users(id),\n  created_at timestamptz not null default now(),\n  updated_at timestamptz not null default now()\n);\ncreate index if not exists projects_org_idx on public.projects(org_id);\n\ncreate table if not exists public.project_members (\n  project_id uuid not null references public.projects(id) on delete cascade,\n  user_id uuid not null references auth.users(id) on delete cascade,\n  role text not null default 'owner',\n  created_at timestamptz not null default now(),\n  primary key (project_id, user_id)\n);\ncreate index if not exists project_members_user_idx on public.project_members(user_id);\n\ncreate table if not exists public.memberships (\n  id uuid primary key default gen_random_uuid(),\n  org_id uuid references public.organizations(id) on delete cascade,\n  project_id uuid not null references public.projects(id) on delete cascade,\n  user_id uuid references auth.users(id) on delete set null,\n  name text not null,\n  phone text,\n  role membership_role not null default 'Family Member',\n  skills text,\n  availability text,\n  is_you boolean not null default false,\n  created_at timestamptz not null default now(),\n  updated_at timestamptz not null default now()\n);\ncreate index if not exists memberships_project_idx on public.memberships(project_id);\n\ncreate table if not exists public.events (\n  id uuid primary key default gen_random_uuid(),\n  org_id uuid references public.organizations(id) on delete cascade,\n  project_id uuid not null references public.projects(id) on delete cascade,\n  name text not null,\n  slug text not null,\n  icon text,\n  color_gradient text,\n  event_date date,\n  display_order int not null default 0,\n  created_at timestamptz not null default now(),\n  updated_at timestamptz not null default now(),\n  unique (project_id, slug)\n);\ncreate index if not exists events_project_idx on public.events(project_id);\n\ncreate table if not exists public.categories (\n  id uuid primary key default gen_random_uuid(),\n  org_id uuid references public.organizations(id) on delete cascade,\n  project_id uuid not null references public.projects(id) on delete cascade,\n  name text not null,\n  kind category_kind not null default 'all',\n  display_order int not null default 0,\n  created_at timestamptz not null default now(),\n  unique (project_id, name)\n);\ncreate index if not exists categories_project_idx on public.categories(project_id);\n\ncreate table if not exists public.tasks (\n  id uuid primary key default gen_random_uuid(),\n  org_id uuid references public.organizations(id) on delete cascade,\n  project_id uuid not null references public.projects(id) on delete cascade,\n  event_id uuid references public.events(id) on delete set null,\n  title text not null,\n  description text,\n  category_id uuid references public.categories(id) on delete set null,\n  priority task_priority not null default 'Medium',\n  status task_status not null default 'Not Started',\n  due_date date,\n  estimated_hours int default 4,\n  created_at timestamptz not null default now(),\n  updated_at timestamptz not null default now()\n);\ncreate index if not exists tasks_project_idx on public.tasks(project_id);\ncreate index if not exists tasks_event_idx on public.tasks(event_id);\n\ncreate table if not exists public.task_assignees (\n  task_id uuid not null references public.tasks(id) on delete cascade,\n  membership_id uuid not null references public.memberships(id) on delete cascade,\n  primary key (task_id, membership_id)\n);\n\ncreate table if not exists public.todo_lists (\n  id uuid primary key default gen_random_uuid(),\n  org_id uuid references public.organizations(id) on delete cascade,\n  project_id uuid not null references public.projects(id) on delete cascade,\n  name text not null,\n  display_order int not null default 0,\n  created_at timestamptz not null default now()\n);\n\ncreate table if not exists public.todo_items (\n  id uuid primary key default gen_random_uuid(),\n  list_id uuid not null references public.todo_lists(id) on delete cascade,\n  project_id uuid not null references public.projects(id) on delete cascade,\n  text text not null,\n  priority task_priority default 'Medium',\n  owner_membership_id uuid references public.memberships(id) on delete set null,\n  due_date date,\n  done boolean not null default false,\n  display_order int not null default 0,\n  created_at timestamptz not null default now(),\n  updated_at timestamptz not null default now()\n);\n\ncreate table if not exists public.shopping_items (\n  id uuid primary key default gen_random_uuid(),\n  org_id uuid references public.organizations(id) on delete cascade,\n  project_id uuid not null references public.projects(id) on delete cascade,\n  event_id uuid references public.events(id) on delete set null,\n  category_id uuid references public.categories(id) on delete set null,\n  name text not null,\n  quantity int not null default 1,\n  store text,\n  budget_paise bigint not null default 0,\n  actual_price_paise bigint not null default 0,\n  assigned_membership_id uuid references public.memberships(id) on delete set null,\n  purchased boolean not null default false,\n  created_at timestamptz not null default now(),\n  updated_at timestamptz not null default now()\n);\n\ncreate table if not exists public.vendors (\n  id uuid primary key default gen_random_uuid(),\n  org_id uuid references public.organizations(id) on delete cascade,\n  project_id uuid not null references public.projects(id) on delete cascade,\n  name text not null,\n  category_id uuid references public.categories(id) on delete set null,\n  phone text,\n  contact_name text,\n  gst_number text,\n  quoted_paise bigint default 0,\n  tax_paise bigint default 0,\n  discount_paise bigint default 0,\n  deposit_paise bigint default 0,\n  advance_paise bigint default 0,\n  balance_paise bigint default 0,\n  status vendor_status not null default 'pending',\n  balance_due_date date,\n  rating int,\n  created_at timestamptz not null default now(),\n  updated_at timestamptz not null default now()\n);\n\ncreate table if not exists public.bookings (\n  id uuid primary key default gen_random_uuid(),\n  org_id uuid references public.organizations(id) on delete cascade,\n  project_id uuid not null references public.projects(id) on delete cascade,\n  event_id uuid references public.events(id) on delete set null,\n  vendor_id uuid references public.vendors(id) on delete set null,\n  category_id uuid references public.categories(id) on delete set null,\n  status booking_status not null default 'pending',\n  ideal_book_by date,\n  created_at timestamptz not null default now(),\n  updated_at timestamptz not null default now()\n);\n\ncreate table if not exists public.guests (\n  id uuid primary key default gen_random_uuid(),\n  org_id uuid references public.organizations(id) on delete cascade,\n  project_id uuid not null references public.projects(id) on delete cascade,\n  name text not null,\n  \"group\" guest_group not null default 'Family',\n  side guest_side not null default 'Both',\n  rsvp guest_rsvp not null default 'Pending',\n  is_vip boolean not null default false,\n  meal text,\n  invited_via text,\n  vehicle_id uuid,\n  created_at timestamptz not null default now(),\n  updated_at timestamptz not null default now()\n);\ncreate index if not exists guests_project_idx on public.guests(project_id);\n\ncreate table if not exists public.guest_invitations (\n  guest_id uuid not null references public.guests(id) on delete cascade,\n  event_id uuid not null references public.events(id) on delete cascade,\n  invited boolean not null default false,\n  primary key (guest_id, event_id)\n);\n\ncreate table if not exists public.expenses (\n  id uuid primary key default gen_random_uuid(),\n  org_id uuid references public.organizations(id) on delete cascade,\n  project_id uuid not null references public.projects(id) on delete cascade,\n  event_id uuid references public.events(id) on delete set null,\n  vendor_id uuid references public.vendors(id) on delete set null,\n  category_id uuid references public.categories(id) on delete set null,\n  description text not null,\n  amount_paise bigint not null default 0,\n  date date not null default current_date,\n  type expense_type not null default 'expense',\n  created_at timestamptz not null default now(),\n  updated_at timestamptz not null default now()\n);\n\ncreate table if not exists public.booking_lead_times (\n  id uuid primary key default gen_random_uuid(),\n  org_id uuid references public.organizations(id) on delete cascade,\n  project_id uuid not null references public.projects(id) on delete cascade,\n  category_id uuid references public.categories(id) on delete cascade,\n  lead_days int not null,\n  unique (project_id, category_id)\n);\n\ncreate table if not exists public.notifications (\n  id uuid primary key default gen_random_uuid(),\n  org_id uuid references public.organizations(id) on delete cascade,\n  project_id uuid not null references public.projects(id) on delete cascade,\n  user_id uuid references auth.users(id) on delete cascade,\n  category notification_category not null,\n  title text not null,\n  body text,\n  entity_type text,\n  entity_id uuid,\n  read_at timestamptz,\n  created_at timestamptz not null default now()\n);\n\ncreate table if not exists public.activity (\n  id uuid primary key default gen_random_uuid(),\n  org_id uuid references public.organizations(id) on delete cascade,\n  project_id uuid not null references public.projects(id) on delete cascade,\n  actor_membership_id uuid references public.memberships(id) on delete set null,\n  verb text not null,\n  entity_type text,\n  entity_name text,\n  created_at timestamptz not null default now()\n);\n\ncreate table if not exists public.event_notes (\n  event_id uuid primary key references public.events(id) on delete cascade,\n  project_id uuid not null references public.projects(id) on delete cascade,\n  body text default '',\n  updated_at timestamptz not null default now()\n);\n\ncreate table if not exists public.event_inspo (\n  id uuid primary key default gen_random_uuid(),\n  event_id uuid not null references public.events(id) on delete cascade,\n  project_id uuid not null references public.projects(id) on delete cascade,\n  image_url text not null,\n  caption text,\n  created_at timestamptz not null default now()\n);\n\n-- ================= RLS HELPERS =================\ncreate or replace function public.is_project_member(pid uuid)\nreturns boolean language sql stable security definer set search_path = public\nas $$\n  select exists (\n    select 1 from public.project_members pm\n    where pm.project_id = pid and pm.user_id = (select auth.uid())\n  )\n$$;\n\ncreate or replace function public.is_org_member(oid uuid)\nreturns boolean language sql stable security definer set search_path = public\nas $$\n  select exists (\n    select 1 from public.org_members om\n    where om.org_id = oid and om.user_id = (select auth.uid())\n  )\n$$;\n\nrevoke all on function public.is_project_member(uuid) from public;\ngrant execute on function public.is_project_member(uuid) to authenticated;\nrevoke all on function public.is_org_member(uuid) from public;\ngrant execute on function public.is_org_member(uuid) to authenticated;\n\n-- ================= ENABLE RLS =================\nalter table public.organizations enable row level security;\nalter table public.profiles enable row level security;\nalter table public.org_members enable row level security;\nalter table public.projects enable row level security;\nalter table public.project_members enable row level security;\nalter table public.memberships enable row level security;\nalter table public.events enable row level security;\nalter table public.categories enable row level security;\nalter table public.tasks enable row level security;\nalter table public.task_assignees enable row level security;\nalter table public.todo_lists enable row level security;\nalter table public.todo_items enable row level security;\nalter table public.shopping_items enable row level security;\nalter table public.vendors enable row level security;\nalter table public.bookings enable row level security;\nalter table public.guests enable row level security;\nalter table public.guest_invitations enable row level security;\nalter table public.expenses enable row level security;\nalter table public.booking_lead_times enable row level security;\nalter table public.notifications enable row level security;\nalter table public.activity enable row level security;\nalter table public.event_notes enable row level security;\nalter table public.event_inspo enable row level security;\n\n-- ================= POLICIES =================\n-- Organizations\ndrop policy if exists \"org_select\" on public.organizations;\ncreate policy \"org_select\" on public.organizations for select to authenticated using (public.is_org_member(id));\ndrop policy if exists \"org_insert\" on public.organizations;\ncreate policy \"org_insert\" on public.organizations for insert to authenticated with check (true);\ndrop policy if exists \"org_update\" on public.organizations;\ncreate policy \"org_update\" on public.organizations for update to authenticated using (public.is_org_member(id));\n\n-- Profiles\ndrop policy if exists \"profiles_self\" on public.profiles;\ncreate policy \"profiles_self\" on public.profiles for all to authenticated using (id = (select auth.uid())) with check (id = (select auth.uid()));\n\n-- Org members\ndrop policy if exists \"org_members_read\" on public.org_members;\ncreate policy \"org_members_read\" on public.org_members for select to authenticated using (user_id = (select auth.uid()) or public.is_org_member(org_id));\ndrop policy if exists \"org_members_insert\" on public.org_members;\ncreate policy \"org_members_insert\" on public.org_members for insert to authenticated with check (user_id = (select auth.uid()));\n\n-- Projects\ndrop policy if exists \"projects_select\" on public.projects;\ncreate policy \"projects_select\" on public.projects for select to authenticated using (public.is_project_member(id) or public.is_org_member(org_id));\ndrop policy if exists \"projects_insert\" on public.projects;\ncreate policy \"projects_insert\" on public.projects for insert to authenticated with check (public.is_org_member(org_id));\ndrop policy if exists \"projects_update\" on public.projects;\ncreate policy \"projects_update\" on public.projects for update to authenticated using (public.is_project_member(id) or public.is_org_member(org_id));\ndrop policy if exists \"projects_delete\" on public.projects;\ncreate policy \"projects_delete\" on public.projects for delete to authenticated using (public.is_org_member(org_id));\n\n-- Project members\ndrop policy if exists \"project_members_read\" on public.project_members;\ncreate policy \"project_members_read\" on public.project_members for select to authenticated using (user_id = (select auth.uid()) or public.is_project_member(project_id));\ndrop policy if exists \"project_members_insert\" on public.project_members;\ncreate policy \"project_members_insert\" on public.project_members for insert to authenticated with check (user_id = (select auth.uid()) or public.is_project_member(project_id));\n\n-- Project-scoped tables: generic \"member can do anything within their project\"\ndo $$\ndeclare t text;\nbegin\n  for t in select unnest(array[\n    'memberships','events','categories','tasks','todo_lists','todo_items',\n    'shopping_items','vendors','bookings','guests','expenses','booking_lead_times',\n    'notifications','activity','event_notes','event_inspo'\n  ]) loop\n    execute format('drop policy if exists %I on public.%I', t || '_all', t);\n    execute format(\n      'create policy %I on public.%I for all to authenticated using (public.is_project_member(project_id)) with check (public.is_project_member(project_id))',\n      t || '_all', t\n    );\n  end loop;\nend $$;\n\n-- Task assignees and guest invitations (no direct project_id) \u2014 via parent\ndrop policy if exists \"task_assignees_all\" on public.task_assignees;\ncreate policy \"task_assignees_all\" on public.task_assignees for all to authenticated\n  using (exists (select 1 from public.tasks t where t.id = task_id and public.is_project_member(t.project_id)))\n  with check (exists (select 1 from public.tasks t where t.id = task_id and public.is_project_member(t.project_id)));\n\ndrop policy if exists \"guest_invitations_all\" on public.guest_invitations;\ncreate policy \"guest_invitations_all\" on public.guest_invitations for all to authenticated\n  using (exists (select 1 from public.guests g where g.id = guest_id and public.is_project_member(g.project_id)))\n  with check (exists (select 1 from public.guests g where g.id = guest_id and public.is_project_member(g.project_id)));\n\n-- ================= SEED FUNCTION =================\ncreate or replace function public.create_project_with_seed(\n  p_org_id uuid,\n  p_user_id uuid,\n  p_project_name text,\n  p_wedding_date date,\n  p_user_display_name text default 'You'\n) returns uuid language plpgsql security definer set search_path = public as $$\ndeclare\n  new_project_id uuid;\n  new_code text;\n  cat_names text[] := array[\n    'Venue','Food','Photography','Videography','Decoration','Clothing/Tailor',\n    'Jewelry','Invitations','Makeup','Mehendi','DJ/Sound','Lighting','Flowers',\n    'Transport','Accommodation','Stage','Furniture','Electronics','Return Gifts',\n    'Guests','Bookings','Gifts','Miscellaneous'\n  ];\n  c text;\n  i int := 1;\nbegin\n  new_code := 'WD-' || upper(substring(md5(random()::text || clock_timestamp()::text) from 1 for 7));\n\n  insert into projects(org_id, name, wedding_date, project_code, created_by)\n  values (p_org_id, p_project_name, p_wedding_date, new_code, p_user_id)\n  returning id into new_project_id;\n\n  insert into project_members(project_id, user_id, role) values (new_project_id, p_user_id, 'owner')\n  on conflict do nothing;\n\n  -- 7 events\n  insert into events(project_id, org_id, name, slug, icon, color_gradient, event_date, display_order) values\n    (new_project_id, p_org_id, 'Engagement',       'engagement',       '\ud83d\udc8d', 'from-rose-400 to-pink-600',      p_wedding_date - 90, 1),\n    (new_project_id, p_org_id, 'Haldi',            'haldi',            '\ud83c\udf3c', 'from-yellow-400 to-amber-500',   p_wedding_date - 2,  2),\n    (new_project_id, p_org_id, 'Mehendi',          'mehendi',          '\ud83c\udf3f', 'from-emerald-400 to-green-600',  p_wedding_date - 2,  3),\n    (new_project_id, p_org_id, 'Sangeet',          'sangeet',          '\ud83c\udfb5', 'from-fuchsia-400 to-purple-600', p_wedding_date - 1,  4),\n    (new_project_id, p_org_id, 'Cocktail Party',   'cocktail-party',   '\ud83c\udf78', 'from-sky-400 to-indigo-600',     p_wedding_date - 1,  5),\n    (new_project_id, p_org_id, 'Wedding Ceremony', 'wedding-ceremony', '\ud83d\udd49\ufe0f', 'from-red-500 to-rose-700',       p_wedding_date,      6),\n    (new_project_id, p_org_id, 'Reception',        'reception',        '\u2728', 'from-violet-400 to-purple-700',  p_wedding_date + 1,  7);\n\n  -- categories\n  foreach c in array cat_names loop\n    insert into categories(project_id, org_id, name, kind, display_order) values (new_project_id, p_org_id, c, 'all', i);\n    i := i + 1;\n  end loop;\n\n  -- todo lists\n  insert into todo_lists(project_id, org_id, name, display_order) values\n    (new_project_id, p_org_id, 'Pre-Event', 1),\n    (new_project_id, p_org_id, 'Event Day', 2),\n    (new_project_id, p_org_id, 'Post-Event Checklist', 3);\n\n  -- 16 lead times\n  insert into booking_lead_times(project_id, org_id, category_id, lead_days)\n  select new_project_id, p_org_id, cat.id, lt.days\n  from (values\n    ('Venue', 270), ('Food', 240), ('Photography', 180), ('Videography', 180),\n    ('Decoration', 150), ('Clothing/Tailor', 120), ('Jewelry', 120), ('Invitations', 120),\n    ('Makeup', 90), ('Mehendi', 90), ('DJ/Sound', 90), ('Lighting', 90),\n    ('Flowers', 60), ('Transport', 60), ('Accommodation', 60), ('Miscellaneous', 60)\n  ) as lt(name, days)\n  join categories cat on cat.project_id = new_project_id and cat.name = lt.name;\n\n  -- seed \"you\" as a membership\n  insert into memberships(project_id, org_id, user_id, name, role, is_you)\n  values (new_project_id, p_org_id, p_user_id, coalesce(p_user_display_name, 'You'), 'Admin', true);\n\n  -- 4 seed tasks (relative to wedding date so they always look real)\n  insert into tasks(project_id, org_id, title, description, priority, status, due_date, estimated_hours) values\n    (new_project_id, p_org_id, 'Sign venue contract',      'Finalize and sign venue booking',            'Medium', 'Not Started', p_wedding_date - 59, 4),\n    (new_project_id, p_org_id, 'Confirm photography team', 'Confirm photography and videography team',   'Medium', 'Not Started', p_wedding_date - 42, 4),\n    (new_project_id, p_org_id, 'Menu tasting',             'Menu tasting with caterer',                  'Medium', 'Not Started', p_wedding_date - 22, 4),\n    (new_project_id, p_org_id, 'Send invitations',         'Send out wedding invitations',               'Medium', 'Not Started', p_wedding_date - 14, 4);\n\n  -- a few demo vendors and shopping items and guests, wired with real FKs\n  insert into vendors(project_id, org_id, name, category_id, phone, contact_name, quoted_paise, advance_paise, balance_paise, status, balance_due_date, rating)\n  select new_project_id, p_org_id, v.name, cat.id, v.phone, v.contact_name,\n         v.quoted, v.advance, v.quoted - v.advance, v.status::vendor_status, v.due_date, v.rating\n  from (values\n    ('Royal Palace Banquets',  'Venue',         '+919812345678', 'Rajesh Kumar', 132000000, 40000000, 'confirmed', p_wedding_date - 30, 5),\n    ('Sharma Caterers',         'Food',          '+919876543210', 'Anil Sharma',   80000000, 20000000, 'confirmed', p_wedding_date - 20, 4),\n    ('Frames of Love Studio',   'Photography',   '+919911223344', 'Priya Mehra',   35000000, 10000000, 'pending',   p_wedding_date - 15, 5),\n    ('Bloom & Bright Decor',    'Decoration',    '+919933112255', 'Manoj Singh',   45000000, 15000000, 'pending',   p_wedding_date - 10, null)\n  ) as v(name, cat_name, phone, contact_name, quoted, advance, status, due_date, rating)\n  join categories cat on cat.project_id = new_project_id and cat.name = v.cat_name;\n\n  insert into shopping_items(project_id, org_id, category_id, name, quantity, store, budget_paise, actual_price_paise, purchased)\n  select new_project_id, p_org_id, cat.id, s.name, s.qty, s.store, s.budget, s.actual, s.done\n  from (values\n    ('Bridal Lehenga',    'Clothing/Tailor', 1, 'Manish Malhotra',  15000000, 14200000, true),\n    ('Groom Sherwani',    'Clothing/Tailor', 1, 'Sabyasachi',       12000000,  0,        false),\n    ('Return Gift Boxes', 'Return Gifts',   250, 'Ferns N Petals',   5000000,   0,        false)\n  ) as s(name, cat_name, qty, store, budget, actual, done)\n  join categories cat on cat.project_id = new_project_id and cat.name = s.cat_name;\n\n  insert into guests(project_id, org_id, name, \"group\", side, rsvp, is_vip, meal) values\n    (new_project_id, p_org_id, 'Sharma Family',   'Family',  'Both',  'Coming',  false, 'Veg'),\n    (new_project_id, p_org_id, 'Verma Family',    'Family',  'Groom', 'Pending', false, 'Non-Veg'),\n    (new_project_id, p_org_id, 'Kapoor Family',   'Family',  'Bride', 'Coming',  false, 'Veg'),\n    (new_project_id, p_org_id, 'Rahul & Priya',   'Friends', 'Both',  'Coming',  false, 'Veg'),\n    (new_project_id, p_org_id, 'Mr. & Mrs. Iyer', 'VIP',     'Both',  'Coming',  true,  'Veg');\n\n  -- Invite everyone to Wedding Ceremony and Reception by default\n  insert into guest_invitations(guest_id, event_id, invited)\n  select g.id, e.id, true\n  from guests g\n  join events e on e.project_id = g.project_id\n  where g.project_id = new_project_id and e.slug in ('wedding-ceremony','reception');\n\n  -- Activity trail\n  insert into activity(project_id, org_id, verb, entity_type, entity_name)\n  values (new_project_id, p_org_id, 'created project', 'project', p_project_name);\n\n  return new_project_id;\nend;\n$$;\n\nrevoke all on function public.create_project_with_seed(uuid, uuid, text, date, text) from public;\ngrant execute on function public.create_project_with_seed(uuid, uuid, text, date, text) to authenticated, service_role;\n\n-- ================= AUTO-CREATE PROFILE ON SIGNUP =================\ncreate or replace function public.handle_new_user()\nreturns trigger language plpgsql security definer set search_path = public as $$\nbegin\n  insert into public.profiles(id, name, avatar_initials)\n  values (new.id, coalesce(new.raw_user_meta_data->>'name', split_part(new.email, '@', 1)), upper(substring(coalesce(new.raw_user_meta_data->>'name', new.email) from 1 for 2)))\n  on conflict (id) do nothing;\n  return new;\nend $$;\n\ndrop trigger if exists on_auth_user_created on auth.users;\ncreate trigger on_auth_user_created\n  after insert on auth.users for each row execute procedure public.handle_new_user();\n\n-- Done.\n\n\n-- ============================================================\n-- PROMPT 2 ADDITIONS BELOW\n-- ============================================================\n\n-- ============================================================\n-- WedOps Schema \u2014 PROMPT 2 additions\n-- Append after prompt 1. Idempotent.\n-- ============================================================\n\n-- ================= COLUMN ADDITIONS (idempotent) =================\\nalter table public.guests add column if not exists phone text;\\nalter table public.guests add column if not exists whatsapp text;\\nalter table public.memberships add column if not exists email text;\\n\\n-- ================= EXTRA ENUMS =================\ndo $$ begin create type invoice_state as enum ('draft','awaiting_review','unpaid','paid'); exception when duplicate_object then null; end $$;\ndo $$ begin create type wa_status as enum ('queued','sent','delivered','failed','read'); exception when duplicate_object then null; end $$;\ndo $$ begin create type wa_provider as enum ('mock','openwa'); exception when duplicate_object then null; end $$;\n\n-- ================= SPATIAL: TABLES / SEATING =================\ncreate table if not exists public.tables (\n  id uuid primary key default gen_random_uuid(),\n  project_id uuid not null references public.projects(id) on delete cascade,\n  org_id uuid references public.organizations(id) on delete cascade,\n  event_id uuid references public.events(id) on delete cascade,\n  layout_id uuid,\n  name text not null,\n  capacity int not null default 10,\n  shape text not null default 'round',\n  x float default 0,\n  y float default 0,\n  created_at timestamptz not null default now(),\n  updated_at timestamptz not null default now()\n);\ncreate index if not exists tables_project_idx on public.tables(project_id);\n\ncreate table if not exists public.table_assignments (\n  id uuid primary key default gen_random_uuid(),\n  project_id uuid not null references public.projects(id) on delete cascade,\n  table_id uuid not null references public.tables(id) on delete cascade,\n  guest_id uuid not null references public.guests(id) on delete cascade,\n  seat_no int,\n  created_at timestamptz not null default now(),\n  unique (guest_id, table_id)\n);\ncreate index if not exists table_assignments_project_idx on public.table_assignments(project_id);\n\ncreate table if not exists public.floor_layouts (\n  id uuid primary key default gen_random_uuid(),\n  project_id uuid not null references public.projects(id) on delete cascade,\n  org_id uuid references public.organizations(id) on delete cascade,\n  event_id uuid references public.events(id) on delete cascade,\n  name text not null,\n  background_url text,\n  data jsonb default '{}'::jsonb,\n  created_at timestamptz not null default now(),\n  updated_at timestamptz not null default now()\n);\n\n-- ================= TRANSPORTATION =================\ncreate table if not exists public.vehicles (\n  id uuid primary key default gen_random_uuid(),\n  project_id uuid not null references public.projects(id) on delete cascade,\n  org_id uuid references public.organizations(id) on delete cascade,\n  name text not null,\n  type text default 'car',\n  seats int not null default 4,\n  driver_name text,\n  driver_phone text,\n  notes text,\n  created_at timestamptz not null default now()\n);\n\n-- ================= TRIALS / FITTINGS =================\ncreate table if not exists public.trials (\n  id uuid primary key default gen_random_uuid(),\n  project_id uuid not null references public.projects(id) on delete cascade,\n  org_id uuid references public.organizations(id) on delete cascade,\n  vendor_id uuid references public.vendors(id) on delete set null,\n  membership_id uuid references public.memberships(id) on delete set null,\n  name text not null,\n  date date not null,\n  time text,\n  location text,\n  notes text,\n  created_at timestamptz not null default now()\n);\n\n-- ================= INVOICES =================\ncreate table if not exists public.invoices (\n  id uuid primary key default gen_random_uuid(),\n  project_id uuid not null references public.projects(id) on delete cascade,\n  org_id uuid references public.organizations(id) on delete cascade,\n  vendor_id uuid references public.vendors(id) on delete set null,\n  invoice_number text not null,\n  amount_paise bigint not null default 0,\n  tax_paise bigint not null default 0,\n  discount_paise bigint not null default 0,\n  total_paise bigint not null default 0,\n  state invoice_state not null default 'draft',\n  issue_date date default current_date,\n  due_date date,\n  notes text,\n  created_at timestamptz not null default now(),\n  updated_at timestamptz not null default now()\n);\n\n-- ================= WHATSAPP =================\ncreate table if not exists public.whatsapp_settings (\n  org_id uuid primary key references public.organizations(id) on delete cascade,\n  provider wa_provider not null default 'mock',\n  connected_number text,\n  api_url text,\n  api_key text,\n  daily_limit int not null default 100,\n  warmup_stage int default 1,\n  connected_at timestamptz\n);\n\ncreate table if not exists public.whatsapp_messages (\n  id uuid primary key default gen_random_uuid(),\n  project_id uuid not null references public.projects(id) on delete cascade,\n  org_id uuid references public.organizations(id) on delete cascade,\n  to_phone text not null,\n  to_name text,\n  template text not null,\n  body text not null,\n  vars jsonb default '{}'::jsonb,\n  status wa_status not null default 'queued',\n  reply text,\n  replied_at timestamptz,\n  entity_type text,\n  entity_id uuid,\n  flow text,\n  sent_at timestamptz default now(),\n  created_at timestamptz not null default now()\n);\ncreate index if not exists wa_msgs_project_idx on public.whatsapp_messages(project_id);\n\n-- ================= BILLING / SUBSCRIPTIONS =================\ncreate table if not exists public.subscriptions (\n  id uuid primary key default gen_random_uuid(),\n  org_id uuid not null references public.organizations(id) on delete cascade,\n  plan text not null default 'starter',\n  status text not null default 'active',\n  razorpay_order_id text,\n  razorpay_payment_id text,\n  amount_paise bigint default 0,\n  period text default 'monthly',\n  active_until date,\n  created_at timestamptz not null default now(),\n  updated_at timestamptz not null default now()\n);\n\n-- Ensure organizations has plan default\nalter table public.organizations alter column plan set default 'starter';\n\n-- ================= RLS on new tables =================\nalter table public.tables enable row level security;\nalter table public.table_assignments enable row level security;\nalter table public.floor_layouts enable row level security;\nalter table public.vehicles enable row level security;\nalter table public.trials enable row level security;\nalter table public.invoices enable row level security;\nalter table public.whatsapp_messages enable row level security;\nalter table public.whatsapp_settings enable row level security;\nalter table public.subscriptions enable row level security;\n\ndo $$\ndeclare t text;\nbegin\n  for t in select unnest(array[\n    'tables','table_assignments','floor_layouts','vehicles','trials','invoices','whatsapp_messages'\n  ]) loop\n    execute format('drop policy if exists %I on public.%I', t || '_all', t);\n    execute format(\n      'create policy %I on public.%I for all to authenticated using (public.is_project_member(project_id)) with check (public.is_project_member(project_id))',\n      t || '_all', t\n    );\n  end loop;\nend $$;\n\ndrop policy if exists \"whatsapp_settings_all\" on public.whatsapp_settings;\ncreate policy \"whatsapp_settings_all\" on public.whatsapp_settings for all to authenticated\n  using (public.is_org_member(org_id)) with check (public.is_org_member(org_id));\n\ndrop policy if exists \"subscriptions_all\" on public.subscriptions;\ncreate policy \"subscriptions_all\" on public.subscriptions for all to authenticated\n  using (public.is_org_member(org_id)) with check (public.is_org_member(org_id));\n\n-- ================= UPDATED SEED FUNCTION =================\n-- Now seeds tables, vehicles, trials, invoices, whatsapp settings for the demo.\ncreate or replace function public.create_project_with_seed(\n  p_org_id uuid,\n  p_user_id uuid,\n  p_project_name text,\n  p_wedding_date date,\n  p_user_display_name text default 'You'\n) returns uuid language plpgsql security definer set search_path = public as $$\ndeclare\n  new_project_id uuid;\n  new_code text;\n  cat_names text[] := array[\n    'Venue','Food','Photography','Videography','Decoration','Clothing/Tailor',\n    'Jewelry','Invitations','Makeup','Mehendi','DJ/Sound','Lighting','Flowers',\n    'Transport','Accommodation','Stage','Furniture','Electronics','Return Gifts',\n    'Guests','Bookings','Gifts','Miscellaneous'\n  ];\n  c text;\n  i int := 1;\n  wed_event_id uuid;\nbegin\n  new_code := 'WD-' || upper(substring(md5(random()::text || clock_timestamp()::text) from 1 for 7));\n\n  insert into projects(org_id, name, wedding_date, project_code, created_by)\n  values (p_org_id, p_project_name, p_wedding_date, new_code, p_user_id)\n  returning id into new_project_id;\n\n  insert into project_members(project_id, user_id, role) values (new_project_id, p_user_id, 'owner') on conflict do nothing;\n\n  insert into events(project_id, org_id, name, slug, icon, color_gradient, event_date, display_order) values\n    (new_project_id, p_org_id, 'Engagement',       'engagement',       '\ud83d\udc8d', 'from-rose-400 to-pink-600',      p_wedding_date - 90, 1),\n    (new_project_id, p_org_id, 'Haldi',            'haldi',            '\ud83c\udf3c', 'from-yellow-400 to-amber-500',   p_wedding_date - 2,  2),\n    (new_project_id, p_org_id, 'Mehendi',          'mehendi',          '\ud83c\udf3f', 'from-emerald-400 to-green-600',  p_wedding_date - 2,  3),\n    (new_project_id, p_org_id, 'Sangeet',          'sangeet',          '\ud83c\udfb5', 'from-fuchsia-400 to-purple-600', p_wedding_date - 1,  4),\n    (new_project_id, p_org_id, 'Cocktail Party',   'cocktail-party',   '\ud83c\udf78', 'from-sky-400 to-indigo-600',     p_wedding_date - 1,  5),\n    (new_project_id, p_org_id, 'Wedding Ceremony', 'wedding-ceremony', '\ud83d\udd49\ufe0f', 'from-red-500 to-rose-700',       p_wedding_date,      6),\n    (new_project_id, p_org_id, 'Reception',        'reception',        '\u2728', 'from-violet-400 to-purple-700',  p_wedding_date + 1,  7);\n\n  select id into wed_event_id from events where project_id = new_project_id and slug = 'wedding-ceremony';\n\n  foreach c in array cat_names loop\n    insert into categories(project_id, org_id, name, kind, display_order) values (new_project_id, p_org_id, c, 'all', i);\n    i := i + 1;\n  end loop;\n\n  insert into todo_lists(project_id, org_id, name, display_order) values\n    (new_project_id, p_org_id, 'Pre-Event', 1),\n    (new_project_id, p_org_id, 'Event Day', 2),\n    (new_project_id, p_org_id, 'Post-Event Checklist', 3);\n\n  insert into booking_lead_times(project_id, org_id, category_id, lead_days)\n  select new_project_id, p_org_id, cat.id, lt.days\n  from (values\n    ('Venue', 270), ('Food', 240), ('Photography', 180), ('Videography', 180),\n    ('Decoration', 150), ('Clothing/Tailor', 120), ('Jewelry', 120), ('Invitations', 120),\n    ('Makeup', 90), ('Mehendi', 90), ('DJ/Sound', 90), ('Lighting', 90),\n    ('Flowers', 60), ('Transport', 60), ('Accommodation', 60), ('Miscellaneous', 60)\n  ) as lt(name, days)\n  join categories cat on cat.project_id = new_project_id and cat.name = lt.name;\n\n  insert into memberships(project_id, org_id, user_id, name, role, is_you)\n  values (new_project_id, p_org_id, p_user_id, coalesce(p_user_display_name, 'You'), 'Admin', true);\n\n  insert into tasks(project_id, org_id, title, description, priority, status, due_date, estimated_hours) values\n    (new_project_id, p_org_id, 'Sign venue contract',      'Finalize and sign venue booking',            'Medium', 'Not Started', p_wedding_date - 59, 4),\n    (new_project_id, p_org_id, 'Confirm photography team', 'Confirm photography and videography team',   'Medium', 'Not Started', p_wedding_date - 42, 4),\n    (new_project_id, p_org_id, 'Menu tasting',             'Menu tasting with caterer',                  'Medium', 'Not Started', p_wedding_date - 22, 4),\n    (new_project_id, p_org_id, 'Send invitations',         'Send out wedding invitations',               'Medium', 'Not Started', p_wedding_date - 14, 4);\n\n  insert into vendors(project_id, org_id, name, category_id, phone, contact_name, quoted_paise, advance_paise, balance_paise, tax_paise, status, balance_due_date, rating)\n  select new_project_id, p_org_id, v.name, cat.id, v.phone, v.contact_name,\n         v.quoted, v.advance, v.quoted - v.advance, (v.quoted * 18)/100, v.status::vendor_status, v.due_date, v.rating\n  from (values\n    ('Royal Palace Banquets',  'Venue',         '+919812345678', 'Rajesh Kumar', 132000000, 40000000, 'confirmed', p_wedding_date - 30, 5),\n    ('Sharma Caterers',         'Food',          '+919876543210', 'Anil Sharma',   80000000, 20000000, 'confirmed', p_wedding_date - 20, 4),\n    ('Frames of Love Studio',   'Photography',   '+919911223344', 'Priya Mehra',   35000000, 10000000, 'pending',   p_wedding_date - 15, 5),\n    ('Bloom & Bright Decor',    'Decoration',    '+919933112255', 'Manoj Singh',   45000000, 15000000, 'pending',   p_wedding_date - 10, null),\n    ('Glam Studio by Neha',     'Makeup',        '+919922334455', 'Neha Kapoor',   18000000,  5000000, 'pending',   p_wedding_date - 7,  4),\n    ('Beats & Bass DJ',         'DJ/Sound',      '+919944556677', 'Vikram',        12000000,  3000000, 'pending',   p_wedding_date - 5,  4)\n  ) as v(name, cat_name, phone, contact_name, quoted, advance, status, due_date, rating)\n  join categories cat on cat.project_id = new_project_id and cat.name = v.cat_name;\n\n  insert into shopping_items(project_id, org_id, category_id, name, quantity, store, budget_paise, actual_price_paise, purchased)\n  select new_project_id, p_org_id, cat.id, s.name, s.qty, s.store, s.budget, s.actual, s.done\n  from (values\n    ('Bridal Lehenga',    'Clothing/Tailor', 1, 'Manish Malhotra',  15000000, 14200000, true),\n    ('Groom Sherwani',    'Clothing/Tailor', 1, 'Sabyasachi',       12000000,  0,        false),\n    ('Return Gift Boxes', 'Return Gifts',   250, 'Ferns N Petals',   5000000,   0,        false),\n    ('Wedding Card Set',  'Invitations',    300, 'Regalia Cards',    2500000,  2500000,  true)\n  ) as s(name, cat_name, qty, store, budget, actual, done)\n  join categories cat on cat.project_id = new_project_id and cat.name = s.cat_name;\n\n  insert into guests(project_id, org_id, name, \"group\", side, rsvp, is_vip, meal) values\n    (new_project_id, p_org_id, 'Sharma Family',    'Family',  'Both',  'Coming',     false, 'Veg'),\n    (new_project_id, p_org_id, 'Verma Family',     'Family',  'Groom', 'Pending',    false, 'Non-Veg'),\n    (new_project_id, p_org_id, 'Kapoor Family',    'Family',  'Bride', 'Coming',     false, 'Veg'),\n    (new_project_id, p_org_id, 'Rahul & Priya',    'Friends', 'Both',  'Coming',     false, 'Veg'),\n    (new_project_id, p_org_id, 'Mr. & Mrs. Iyer',  'VIP',     'Both',  'Coming',     true,  'Veg'),\n    (new_project_id, p_org_id, 'Anjali & Karan',   'Friends', 'Groom', 'Maybe',      false, 'Veg'),\n    (new_project_id, p_org_id, 'Uncle Suresh',     'Family',  'Bride', 'Coming',     false, 'Veg'),\n    (new_project_id, p_org_id, 'Colleague team',   'Friends', 'Groom', 'Not coming', false, 'Non-Veg');\n\n  insert into guest_invitations(guest_id, event_id, invited)\n  select g.id, e.id, true\n  from guests g\n  join events e on e.project_id = g.project_id\n  where g.project_id = new_project_id and e.slug in ('wedding-ceremony','reception','sangeet');\n\n  -- Sample tables, trials, expenses, invoices, vehicles, whatsapp settings\n  insert into tables(project_id, org_id, event_id, name, capacity, shape)\n  select new_project_id, p_org_id, wed_event_id, x.name, x.cap, x.shape\n  from (values\n    ('Table 1 \u2014 VIPs',    10, 'round'),\n    ('Table 2 \u2014 Family',  12, 'round'),\n    ('Table 3 \u2014 Friends', 10, 'round'),\n    ('Table 4 \u2014 Kids',     8, 'round')\n  ) as x(name, cap, shape);\n\n  insert into vehicles(project_id, org_id, name, type, seats, driver_name, driver_phone) values\n    (new_project_id, p_org_id, 'Innova Crysta',   'car', 7, 'Ramesh',  '+919812340001'),\n    (new_project_id, p_org_id, 'Toyota Fortuner', 'car', 5, 'Prakash', '+919812340002'),\n    (new_project_id, p_org_id, 'Mini Bus \u2014 26 seater', 'bus', 26, 'Kishan', '+919812340003');\n\n  insert into trials(project_id, org_id, vendor_id, name, date, time, location)\n  select new_project_id, p_org_id, v.id, x.name, x.date, x.time, x.location\n  from vendors v, (values\n    ('Sherwani first fitting', (p_wedding_date - 30)::date, '11:00', 'Sabyasachi Store'),\n    ('Bridal lehenga trial',   (p_wedding_date - 45)::date, '15:00', 'Manish Malhotra Studio'),\n    ('Makeup trial',           (p_wedding_date - 20)::date, '10:00', 'Glam Studio')\n  ) as x(name, date, time, location)\n  where v.project_id = new_project_id\n  limit 3;\n\n  insert into expenses(project_id, org_id, event_id, vendor_id, category_id, description, amount_paise, date, type)\n  select new_project_id, p_org_id, wed_event_id, v.id, v.category_id,\n         'Advance to ' || v.name, v.advance_paise, current_date - (random()*20)::int, 'advance'\n  from vendors v where v.project_id = new_project_id and v.advance_paise > 0;\n\n  insert into invoices(project_id, org_id, vendor_id, invoice_number, amount_paise, tax_paise, total_paise, state, issue_date, due_date)\n  select new_project_id, p_org_id, v.id,\n         'INV-' || to_char(now(), 'YYMM') || '-' || substr(md5(random()::text),1,4),\n         v.quoted_paise, v.tax_paise, v.quoted_paise + coalesce(v.tax_paise,0),\n         (case when v.status = 'confirmed' then 'unpaid' else 'draft' end)::invoice_state,\n         current_date - 15, v.balance_due_date\n  from vendors v where v.project_id = new_project_id;\n\n  insert into whatsapp_settings(org_id, provider, connected_number, daily_limit)\n  values (p_org_id, 'mock', '+919999999999', 100)\n  on conflict (org_id) do nothing;\n\n  insert into activity(project_id, org_id, verb, entity_type, entity_name)\n  values (new_project_id, p_org_id, 'created project', 'project', p_project_name);\n\n  return new_project_id;\nend;\n$$;\n\ngrant execute on function public.create_project_with_seed(uuid, uuid, text, date, text) to authenticated, service_role;\n\n-- Done prompt-2 additions.\n",
  "supabaseUrl": "https://teyymgutsuwssesgokzx.supabase.co",
  "sqlEditorUrl": "https://teyymgutsuwssesgokzx.supabase.co"
}
✅ TEST 1 PASSED: Schema fully deployed

[TEST 2] POST /api/auth/signup - SKIPPED (using existing user)
⚠️  TEST 2 SKIPPED: Using pre-created user to avoid Supabase rate limits

[TEST 3] POST /api/auth/signin - Sign in and get auth cookies
Status: 200
Response: {
  "user": {
    "id": "46f83316-2287-4a08-8a23-966f5f79948c",
    "aud": "authenticated",
    "role": "authenticated",
    "email": "wedops-backend-test@example.com",
    "email_confirmed_at": "2026-08-04T20:32:05.296017Z",
    "phone": "",
    "confirmed_at": "2026-08-04T20:32:05.296017Z",
    "last_sign_in_at": "2026-08-04T20:32:44.153839546Z",
    "app_metadata": {
      "provider": "email",
      "providers": [
        "email"
      ]
    },
    "user_metadata": {
      "email_verified": true,
      "name": "Backend Test User"
    },
    "identities": [
      {
        "identity_id": "c861f512-2314-45c6-b977-c192662316d1",
        "id": "46f83316-2287-4a08-8a23-966f5f79948c",
        "user_id": "46f83316-2287-4a08-8a23-966f5f79948c",
        "identity_data": {
          "email": "wedops-backend-test@example.com",
          "email_verified": false,
          "phone_verified": false,
          "sub": "46f83316-2287-4a08-8a23-966f5f79948c"
        },
        "provider": "email",
        "last_sign_in_at": "2026-08-04T20:32:05.294524Z",
        "created_at": "2026-08-04T20:32:05.294577Z",
        "updated_at": "2026-08-04T20:32:05.294577Z",
        "email": "wedops-backend-test@example.com"
      }
    ],
    "created_at": "2026-08-04T20:32:05.293152Z",
    "updated_at": "2026-08-04T20:32:44.156141Z",
    "is_anonymous": false
  }
}
✅ User object received: id=46f83316-2287-4a08-8a23-966f5f79948c

[After Signin] Current cookies:
  - __cf_bm: bV7NtN8exx_IKUispI235bZzgB8PgxNvu1MKi18oqjk-178587...
  - sb-teyymgutsuwssesgokzx-auth-token: base64-eyJhY2Nlc3NfdG9rZW4iOiJleUpoYkdjaU9pSkZVekk...
✅ TEST 3 PASSED: Auth cookies set (1 cookies)

[TEST 4] POST /api/onboarding - Create org + project + seed data
Status: 500
Response: {
  "error": "integer out of range"
}
❌ TEST 4 FAILED: Expected 200, got 500

[TEST 5] Verify seed data counts via Supabase REST API
⚠️  TEST 5 SKIPPED: No project_id from TEST 4

[TEST 6] POST /api/whatsapp/send - Send WhatsApp message to vendor
⚠️  TEST 6 SKIPPED: No project_id from TEST 4

[TEST 7] POST /api/whatsapp/flow - Run automation flows
⚠️  TEST 7 SKIPPED: No project_id from TEST 4

[TEST 8] POST /api/whatsapp/reply - Simulate inbound reply
⚠️  TEST 8 SKIPPED: No project_id from TEST 4

[TEST 9] POST /api/join - Join project via WD-XXXXXXX code
⚠️  TEST 9 SKIPPED: No project_id from TEST 4

================================================================================
TEST SUMMARY
================================================================================
Review the results above for detailed pass/fail status of each test.
Key focus areas:
  - TEST 3: Auth cookies must be set for subsequent tests to work
  - TEST 4: If 401, auth cookie handling is broken
  - TEST 5: Seed data counts must match expected values
  - TEST 6-8: WhatsApp engine functionality
  - TEST 9: Join flow
================================================================================
